// Vitest Snapshot v1, https://vitest.dev/guide/snapshot.html

exports[`Profile > renders correctly 1`] = `
<DocumentFragment>
  <button
    aria-label="Open settings"
    class="MuiButtonBase-root MuiButton-root MuiButton-text MuiButton-textPrimary MuiButton-sizeMedium MuiButton-textSizeMedium MuiButton-root MuiButton-text MuiButton-textPrimary MuiButton-sizeMedium MuiButton-textSizeMedium css-1joc3qd-MuiButtonBase-root-MuiButton-root"
    data-mui-internal-clone-element="true"
    tabindex="0"
    type="button"
  >
    <div
      class="MuiBox-root css-1j85rlp"
    >
      <div
        class="MuiStack-root css-czl7p-MuiStack-root"
      >
        <div
          class="MuiAvatar-root MuiAvatar-circular MuiAvatar-colorDefault css-1d0j7ho-MuiAvatar-root"
        >
          <h6
            class="MuiTypography-root MuiTypography-subtitle2 css-4ozz3r-MuiTypography-root"
          >
            ss
          </h6>
        </div>
        <div
          class="MuiBox-root css-189yone"
        >
          <p
            class="MuiTypography-root MuiTypography-body1 css-158lv7p-MuiTypography-root"
          >
            string string
          </p>
        </div>
      </div>
    </div>
    <span
      class="MuiTouchRipple-root css-8je8zh-MuiTouchRipple-root"
    />
  </button>
</DocumentFragment>
`;
