// Vitest Snapshot v1, https://vitest.dev/guide/snapshot.html

exports[`ModalHomeworksOtherStudents > renders correctly 1`] = `
<DocumentFragment>
  <div
    class="MuiStack-root css-47fnhy-MuiStack-root"
  >
    <div
      class="MuiStack-root css-e8agqp-MuiStack-root"
    >
      <div
        class="MuiStack-root css-jfdv4h-MuiStack-root"
      >
        <div
          class="MuiStack-root css-kdc3n8-MuiStack-root"
        >
          <span
            class="MuiSkeleton-root MuiSkeleton-circular MuiSkeleton-pulse css-wkdwxb-MuiSkeleton-root"
            style="width: 40px; height: 40px;"
          />
          <div
            class="MuiStack-root css-1r50ci7-MuiStack-root"
          >
            <span
              class="MuiSkeleton-root MuiSkeleton-text MuiSkeleton-pulse css-12j6v5j-MuiSkeleton-root"
            />
            <span
              class="MuiSkeleton-root MuiSkeleton-text MuiSkeleton-pulse css-12j6v5j-MuiSkeleton-root"
            />
          </div>
        </div>
        <span
          class="MuiSkeleton-root MuiSkeleton-rounded MuiSkeleton-pulse css-7uzo9y-MuiSkeleton-root"
          style="width: 100%; height: 60px;"
        />
      </div>
      <div
        class="MuiStack-root css-jfdv4h-MuiStack-root"
      >
        <div
          class="MuiStack-root css-kdc3n8-MuiStack-root"
        >
          <span
            class="MuiSkeleton-root MuiSkeleton-circular MuiSkeleton-pulse css-wkdwxb-MuiSkeleton-root"
            style="width: 40px; height: 40px;"
          />
          <div
            class="MuiStack-root css-1r50ci7-MuiStack-root"
          >
            <span
              class="MuiSkeleton-root MuiSkeleton-text MuiSkeleton-pulse css-12j6v5j-MuiSkeleton-root"
            />
            <span
              class="MuiSkeleton-root MuiSkeleton-text MuiSkeleton-pulse css-12j6v5j-MuiSkeleton-root"
            />
          </div>
        </div>
        <span
          class="MuiSkeleton-root MuiSkeleton-rounded MuiSkeleton-pulse css-7uzo9y-MuiSkeleton-root"
          style="width: 100%; height: 60px;"
        />
      </div>
    </div>
    <div
      class="MuiBox-root css-0"
    >
      <button
        class="MuiButtonBase-root MuiButton-root MuiButton-contained MuiButton-containedPrimary MuiButton-sizeMedium MuiButton-containedSizeMedium MuiButton-root MuiButton-contained MuiButton-containedPrimary MuiButton-sizeMedium MuiButton-containedSizeMedium css-sghohy-MuiButtonBase-root-MuiButton-root"
        tabindex="0"
        type="button"
      >
        Показать
        <span
          class="MuiTouchRipple-root css-8je8zh-MuiTouchRipple-root"
        />
      </button>
    </div>
  </div>
</DocumentFragment>
`;
