// Vitest Snapshot v1

exports[`LectureContent > the component is render 1`] = `
<DocumentFragment>
  <h4
    class="MuiTypography-root MuiTypography-h4 css-1t14ubg-MuiTypography-root"
  >
    Материалы урока
  </h4>
  <div
    class="MuiPaper-root MuiPaper-elevation MuiPaper-rounded MuiPaper-elevation1 css-1u0eh3h-MuiPaper-root"
  >
    <div
      class="css-j722dc-MuiStack-root"
    />
  </div>
</DocumentFragment>
`;
