// Vitest Snapshot v1, https://vitest.dev/guide/snapshot.html

exports[`TrainingLectures > renders correctly 1`] = `
<DocumentFragment>
  <div
    class="MuiContainer-root MuiContainer-maxWidthLg css-1oqqzyl-MuiContainer-root"
  >
    <button
      class="MuiButtonBase-root MuiButton-root MuiButton-outlined MuiButton-outlinedPrimary MuiButton-sizeMedium MuiButton-outlinedSizeMedium MuiButton-root MuiButton-outlined MuiButton-outlinedPrimary MuiButton-sizeMedium MuiButton-outlinedSizeMedium css-o5xw4r-MuiButtonBase-root-MuiButton-root"
      tabindex="0"
      type="button"
    >
      <svg
        aria-hidden="true"
        class="MuiSvgIcon-root MuiSvgIcon-fontSizeMedium css-qn5tej-MuiSvgIcon-root"
        data-testid="ChevronLeftIcon"
        focusable="false"
        viewBox="0 0 24 24"
      >
        <path
          d="M15.41 7.41 14 6l-6 6 6 6 1.41-1.41L10.83 12z"
        />
      </svg>
      <p
        class="MuiTypography-root MuiTypography-body2 css-nm8eko-MuiTypography-root"
      >
        К списку курсов
      </p>
      <span
        class="MuiTouchRipple-root css-8je8zh-MuiTouchRipple-root"
      />
    </button>
    <h2
      class="MuiTypography-root MuiTypography-h2 css-jimv0f-MuiTypography-root"
    >
      string
    </h2>
    <div
      class="MuiGrid-root MuiGrid-container css-8pqjud-MuiGrid-root"
    >
      <div
        class="MuiGrid-root MuiGrid-item MuiGrid-grid-xs-12 css-1idn90j-MuiGrid-root"
      >
        <a
          class="css-ytumd6"
          href="/training/1234/string"
        >
          <button
            class="MuiButtonBase-root MuiCardActionArea-root css-1t3prmd-MuiButtonBase-root-MuiCardActionArea-root"
            tabindex="0"
            type="button"
          >
            <div
              class="MuiPaper-root MuiPaper-elevation MuiPaper-rounded MuiPaper-elevation1 css-1ou7ve4-MuiPaper-root"
            >
              <h4
                class="MuiTypography-root MuiTypography-h4 css-1evpptq-MuiTypography-root"
              >
                string
              </h4>
              <div
                class="MuiStack-root css-1yc1p5z-MuiStack-root"
              >
                <div
                  class="MuiStack-root css-idd31a-MuiStack-root"
                >
                  <h6
                    class="MuiTypography-root MuiTypography-subtitle2 css-1bi1ejt-MuiTypography-root"
                  >
                    1
                  </h6>
                  <h6
                    class="MuiTypography-root MuiTypography-subtitle1 css-1pb42qt-MuiTypography-root"
                  >
                    string1
                  </h6>
                </div>
                <div
                  class="MuiStack-root css-idd31a-MuiStack-root"
                >
                  <h6
                    class="MuiTypography-root MuiTypography-subtitle2 css-1bi1ejt-MuiTypography-root"
                  >
                    2
                  </h6>
                  <h6
                    class="MuiTypography-root MuiTypography-subtitle1 css-1pb42qt-MuiTypography-root"
                  >
                    string1
                  </h6>
                </div>
              </div>
              <div
                class="MuiBox-root css-fw9znx"
              >
                <p
                  class="MuiTypography-root MuiTypography-body2 css-1lm2jbq-MuiTypography-root"
                >
                  Продолжить
                </p>
              </div>
            </div>
            <span
              class="MuiCardActionArea-focusHighlight css-1v2exvi-MuiCardActionArea-focusHighlight"
            />
            <span
              class="MuiTouchRipple-root css-8je8zh-MuiTouchRipple-root"
            />
          </button>
        </a>
      </div>
    </div>
  </div>
</DocumentFragment>
`;
