// Vitest Snapshot v1, https://vitest.dev/guide/snapshot.html

exports[`SkeletonLectureHomework > renders correctly 1`] = `
<DocumentFragment>
  <div
    class="MuiBox-root css-tr0r3x"
  >
    <span
      class="MuiSkeleton-root MuiSkeleton-rounded MuiSkeleton-pulse css-1ukovu3-MuiSkeleton-root"
      style="width: 100%; height: 130px;"
    />
  </div>
</DocumentFragment>
`;
