// Vitest Snapshot v1, https://vitest.dev/guide/snapshot.html

exports[`SkeletonLectureHomework > renders correctly 1`] = `
<DocumentFragment>
  <div
    class="MuiBox-root css-1c90ci9"
  >
    <span
      class="MuiSkeleton-root MuiSkeleton-rounded MuiSkeleton-pulse css-ysrgr0-MuiSkeleton-root"
    />
  </div>
</DocumentFragment>
`;
