// Vitest Snapshot v1

exports[`Profile > the component is render 1`] = `
<DocumentFragment>
  <div
    class="MuiStack-root css-unhrs1-MuiStack-root"
  >
    <div
      class="MuiAvatar-root MuiAvatar-circular MuiAvatar-colorDefault css-1kdh1tp-MuiAvatar-root"
    >
      fl
    </div>
    <div
      class="MuiBox-root css-0"
    >
      <h6
        class="MuiTypography-root MuiTypography-subtitle1 css-10wpov9-MuiTypography-root"
      >
        firstName lastName
      </h6>
      <div
        class="MuiStack-root css-gmwslw-MuiStack-root"
      >
        <h6
          class="MuiTypography-root MuiTypography-subtitle2 css-ati914-MuiTypography-root"
        >
          10.10.2021 | 13:10
        </h6>
      </div>
    </div>
  </div>
</DocumentFragment>
`;
