// Vitest Snapshot v1, https://vitest.dev/guide/snapshot.html

exports[`UserRow > renders correctly 1`] = `
<DocumentFragment>
  <div
    class="MuiStack-root css-czl7p-MuiStack-root"
  >
    <div
      class="MuiAvatar-root MuiAvatar-circular MuiAvatar-colorDefault css-1d0j7ho-MuiAvatar-root"
    >
      <h6
        class="MuiTypography-root MuiTypography-subtitle2 css-dfhrm0-MuiTypography-root"
      >
        uu
      </h6>
    </div>
    <div
      class="MuiBox-root css-189yone"
    >
      <p
        class="MuiTypography-root MuiTypography-body2 css-nm8eko-MuiTypography-root"
      >
        undefined undefined
      </p>
    </div>
  </div>
</DocumentFragment>
`;
