// Vitest Snapshot v1, https://vitest.dev/guide/snapshot.html

exports[`SkeletonComment > renders correctly 1`] = `
<DocumentFragment>
  <div
    class="MuiStack-root css-n9karh-MuiStack-root"
  >
    <div
      class="MuiStack-root css-vx72w3-MuiStack-root"
    >
      <div
        class="MuiStack-root css-16jryck-MuiStack-root"
      >
        <span
          class="MuiSkeleton-root MuiSkeleton-circular MuiSkeleton-pulse css-a4z31c-MuiSkeleton-root"
        />
        <div
          class="MuiStack-root css-1gcuwd7-MuiStack-root"
        >
          <span
            class="MuiSkeleton-root MuiSkeleton-text MuiSkeleton-pulse css-xs38fd-MuiSkeleton-root"
          />
          <span
            class="MuiSkeleton-root MuiSkeleton-text MuiSkeleton-pulse css-xs38fd-MuiSkeleton-root"
          />
        </div>
      </div>
      <span
        class="MuiSkeleton-root MuiSkeleton-rounded MuiSkeleton-pulse css-8hw9pq-MuiSkeleton-root"
      />
    </div>
    <div
      class="MuiStack-root css-vx72w3-MuiStack-root"
    >
      <div
        class="MuiStack-root css-16jryck-MuiStack-root"
      >
        <span
          class="MuiSkeleton-root MuiSkeleton-circular MuiSkeleton-pulse css-a4z31c-MuiSkeleton-root"
        />
        <div
          class="MuiStack-root css-1gcuwd7-MuiStack-root"
        >
          <span
            class="MuiSkeleton-root MuiSkeleton-text MuiSkeleton-pulse css-xs38fd-MuiSkeleton-root"
          />
          <span
            class="MuiSkeleton-root MuiSkeleton-text MuiSkeleton-pulse css-xs38fd-MuiSkeleton-root"
          />
        </div>
      </div>
      <span
        class="MuiSkeleton-root MuiSkeleton-rounded MuiSkeleton-pulse css-8hw9pq-MuiSkeleton-root"
      />
    </div>
  </div>
</DocumentFragment>
`;
