// Vitest Snapshot v1, https://vitest.dev/guide/snapshot.html

exports[`SkeletonComment > renders correctly 1`] = `
<DocumentFragment>
  <div
    class="MuiStack-root css-ba457o-MuiStack-root"
  >
    <div
      class="MuiStack-root css-vx72w3-MuiStack-root"
    >
      <div
        class="MuiStack-root css-16jryck-MuiStack-root"
      >
        <span
          class="MuiSkeleton-root MuiSkeleton-circular MuiSkeleton-pulse css-w6fb0b-MuiSkeleton-root"
        />
        <div
          class="MuiStack-root css-1gcuwd7-MuiStack-root"
        >
          <span
            class="MuiSkeleton-root MuiSkeleton-text MuiSkeleton-pulse css-m1q3y8-MuiSkeleton-root"
          />
          <span
            class="MuiSkeleton-root MuiSkeleton-text MuiSkeleton-pulse css-m1q3y8-MuiSkeleton-root"
          />
        </div>
      </div>
      <span
        class="MuiSkeleton-root MuiSkeleton-rounded MuiSkeleton-pulse css-1xxyuiq-MuiSkeleton-root"
      />
    </div>
    <div
      class="MuiStack-root css-vx72w3-MuiStack-root"
    >
      <div
        class="MuiStack-root css-16jryck-MuiStack-root"
      >
        <span
          class="MuiSkeleton-root MuiSkeleton-circular MuiSkeleton-pulse css-w6fb0b-MuiSkeleton-root"
        />
        <div
          class="MuiStack-root css-1gcuwd7-MuiStack-root"
        >
          <span
            class="MuiSkeleton-root MuiSkeleton-text MuiSkeleton-pulse css-m1q3y8-MuiSkeleton-root"
          />
          <span
            class="MuiSkeleton-root MuiSkeleton-text MuiSkeleton-pulse css-m1q3y8-MuiSkeleton-root"
          />
        </div>
      </div>
      <span
        class="MuiSkeleton-root MuiSkeleton-rounded MuiSkeleton-pulse css-1xxyuiq-MuiSkeleton-root"
      />
    </div>
  </div>
</DocumentFragment>
`;
