// Vitest Snapshot v1

exports[`LectureHomework > the component is render 1`] = `
<DocumentFragment>
  <h4
    class="MuiTypography-root MuiTypography-h4 css-14z7ouz-MuiTypography-root"
  >
    Домашнее задание
  </h4>
  <div
    class="MuiPaper-root MuiPaper-elevation MuiPaper-rounded MuiPaper-elevation1 css-1u0eh3h-MuiPaper-root"
  >
    <div
      class="css-zgbp5c-MuiStack-root"
    />
  </div>
</DocumentFragment>
`;
