// Vitest Snapshot v1

exports[`LectureHomework > the component is render 1`] = `
<DocumentFragment>
  <h4
    class="MuiTypography-root MuiTypography-h4 css-14z7ouz-MuiTypography-root"
  >
    Домашнее задание
  </h4>
  <div
    class="MuiPaper-root MuiPaper-elevation MuiPaper-rounded MuiPaper-elevation1 css-1u0eh3h-MuiPaper-root"
  >
    <div
      class="css-zgbp5c-MuiStack-root"
    >
      <h6
        class="MuiTypography-root MuiTypography-subtitle1 css-10wpov9-MuiTypography-root"
      >
        1. Зарегистрируйте аккаунт github.
      </h6>
      <h6
        class="MuiTypography-root MuiTypography-subtitle1 css-10wpov9-MuiTypography-root"
      >
        2. Создайте новый репозиторий для домашнего задания.
      </h6>
      <h6
        class="MuiTypography-root MuiTypography-subtitle1 css-10wpov9-MuiTypography-root"
      >
        3. Разработайте один автотест на проверку тестовой формы.
      </h6>
      <a
        class="MuiTypography-root MuiTypography-inherit MuiLink-root MuiLink-underlineHover css-17dcqu8-MuiTypography-root-MuiLink-root"
        href="https://demoqa.com/automation-practice-form"
        rel="noopener"
        target="_blank"
      >
        Тестовая форма demoqa.com
      </a>
      <h6
        class="MuiTypography-root MuiTypography-subtitle1 css-10wpov9-MuiTypography-root"
      >
        В поле ответа необходимо приложить ссылку на репозиторий.
      </h6>
    </div>
  </div>
</DocumentFragment>
`;
