// Vitest Snapshot v1

exports[`TrainingLectures > the component is render 1`] = `
<DocumentFragment>
  <div
    class="MuiGrid-root MuiGrid-container MuiGrid-spacing-xs-2 css-mhc70k-MuiGrid-root"
  >
    <div
      class="MuiGrid-root MuiGrid-item MuiGrid-grid-xs-12 css-1idn90j-MuiGrid-root"
    >
      <a
        href="/training/string/string"
        style="text-decoration: none;"
      >
        <button
          class="MuiButtonBase-root MuiCardActionArea-root css-b6lsxj-MuiButtonBase-root-MuiCardActionArea-root"
          tabindex="0"
          type="button"
        >
          <div
            class="MuiPaper-root MuiPaper-elevation MuiPaper-rounded MuiPaper-elevation1 css-6zsig3-MuiPaper-root"
          >
            <h6
              class="MuiTypography-root MuiTypography-h6 css-2ulfj5-MuiTypography-root"
            >
              string
            </h6>
            <div
              class="css-b55nah-MuiStack-root"
            >
              <div
                class="css-1sx5dla-MuiStack-root"
              >
                <h6
                  class="MuiTypography-root MuiTypography-subtitle2 css-1h8329t-MuiTypography-root"
                >
                  1
                </h6>
                <h6
                  class="MuiTypography-root MuiTypography-subtitle1 css-10wpov9-MuiTypography-root"
                >
                  Git - самые основы
                </h6>
              </div>
              <div
                class="css-1sx5dla-MuiStack-root"
              >
                <h6
                  class="MuiTypography-root MuiTypography-subtitle2 css-1h8329t-MuiTypography-root"
                >
                  2
                </h6>
                <h6
                  class="MuiTypography-root MuiTypography-subtitle1 css-10wpov9-MuiTypography-root"
                >
                  Теория: Gradle, JUnit5, Selenide.
                </h6>
              </div>
              <div
                class="css-1sx5dla-MuiStack-root"
              >
                <h6
                  class="MuiTypography-root MuiTypography-subtitle2 css-1h8329t-MuiTypography-root"
                >
                  3
                </h6>
                <h6
                  class="MuiTypography-root MuiTypography-subtitle1 css-10wpov9-MuiTypography-root"
                >
                  Практика. Работаем с тренажером demoqa.com
                </h6>
              </div>
              <div
                class="css-1sx5dla-MuiStack-root"
              >
                <h6
                  class="MuiTypography-root MuiTypography-subtitle2 css-1h8329t-MuiTypography-root"
                >
                  4
                </h6>
                <h6
                  class="MuiTypography-root MuiTypography-subtitle1 css-10wpov9-MuiTypography-root"
                >
                  Рассмотрим подробнее возможности Selenide и CSS/Xpath-селекторы
                </h6>
              </div>
            </div>
            <h6
              class="MuiTypography-root MuiTypography-subtitle2 MuiTypography-alignRight css-1txwzru-MuiTypography-root"
            >
              Продолжить
            </h6>
          </div>
          <span
            class="MuiCardActionArea-focusHighlight css-1v2exvi-MuiCardActionArea-focusHighlight"
          />
          <span
            class="MuiTouchRipple-root css-8je8zh-MuiTouchRipple-root"
          />
        </button>
      </a>
    </div>
  </div>
</DocumentFragment>
`;
