// Vitest Snapshot v1, https://vitest.dev/guide/snapshot.html

exports[`CommentsPagination > renders correctly 1`] = `
<DocumentFragment>
  <form>
    <h5
      class="MuiTypography-root MuiTypography-h5 css-b9edh8-MuiTypography-root"
    >
      Добавить комментарий
    </h5>
    <div
      class="MuiBox-root css-qsaw8"
    >
      <div
        class="MuiFormControl-root MuiFormControl-fullWidth css-q8hpuo-MuiFormControl-root"
      >
        <div
          class="MuiFormControl-root MuiFormControl-fullWidth MuiTextField-root css-wb57ya-MuiFormControl-root-MuiTextField-root"
        >
          <div
            class="MuiInputBase-root MuiOutlinedInput-root MuiInputBase-colorPrimary MuiInputBase-fullWidth MuiInputBase-formControl MuiInputBase-multiline css-1ijgb0h-MuiInputBase-root-MuiOutlinedInput-root"
          >
            <textarea
              aria-invalid="false"
              class="MuiInputBase-input MuiOutlinedInput-input MuiInputBase-inputMultiline css-1i66myl-MuiInputBase-input-MuiOutlinedInput-input"
              id=":r0:"
              maxlength="10000"
              placeholder="Текст ответа"
              style="height: 0px; overflow: hidden;"
            />
            <textarea
              aria-hidden="true"
              class="MuiInputBase-input MuiOutlinedInput-input MuiInputBase-inputMultiline css-1i66myl-MuiInputBase-input-MuiOutlinedInput-input"
              readonly=""
              style="visibility: hidden; position: absolute; overflow: hidden; height: 0px; top: 0px; left: 0px; transform: translateZ(0); padding: 0px; width: 100%;"
              tabindex="-1"
            />
            <fieldset
              aria-hidden="true"
              class="MuiOutlinedInput-notchedOutline css-1d3z3hw-MuiOutlinedInput-notchedOutline"
            >
              <legend
                class="css-ihdtdm"
              >
                <span
                  class="notranslate"
                >
                  ​
                </span>
              </legend>
            </fieldset>
          </div>
        </div>
      </div>
    </div>
    <div
      class="MuiStack-root css-19fy60o-MuiStack-root"
    >
      <button
        class="MuiButtonBase-root MuiButton-root MuiLoadingButton-root MuiButton-contained MuiButton-containedPrimary MuiButton-sizeMedium MuiButton-containedSizeMedium MuiButton-root MuiLoadingButton-root MuiButton-contained MuiButton-containedPrimary MuiButton-sizeMedium MuiButton-containedSizeMedium css-1xagkrl-MuiButtonBase-root-MuiButton-root-MuiLoadingButton-root"
        id=":r1:"
        tabindex="0"
        type="button"
      >
        Отправить
        <span
          class="MuiTouchRipple-root css-8je8zh-MuiTouchRipple-root"
        />
      </button>
    </div>
  </form>
  <div
    class="MuiStack-root css-1ohoath-MuiStack-root"
  >
    <h5
      class="MuiTypography-root MuiTypography-h5 css-19fr98w-MuiTypography-root"
    >
      Комментарии
    </h5>
    <h5
      class="MuiTypography-root MuiTypography-h5 css-19fr98w-MuiTypography-root"
    >
      (6)
    </h5>
  </div>
  <div
    class="infinite-scroll-component__outerdiv"
  >
    <div
      class="infinite-scroll-component css-da5oxk"
      style="height: auto; overflow: auto;"
    >
      <div
        class="MuiStack-root css-1ezn384-MuiStack-root"
      >
        <div
          class="MuiPaper-root MuiPaper-elevation MuiPaper-rounded MuiPaper-elevation1 css-1faagsy-MuiPaper-root"
        >
          <div
            class="MuiStack-root css-16v954g-MuiStack-root"
          >
            <div
              class="MuiBox-root css-qsaw8"
            >
              <div
                class="MuiStack-root css-czl7p-MuiStack-root"
              >
                <div
                  class="MuiAvatar-root MuiAvatar-circular MuiAvatar-colorDefault css-1d0j7ho-MuiAvatar-root"
                >
                  <h6
                    class="MuiTypography-root MuiTypography-subtitle2 css-dfhrm0-MuiTypography-root"
                  >
                    ss
                  </h6>
                </div>
                <div
                  class="MuiBox-root css-189yone"
                >
                  <p
                    class="MuiTypography-root MuiTypography-body2 css-nm8eko-MuiTypography-root"
                  >
                    string string
                  </p>
                  <div
                    class="MuiStack-root css-1je0tgk-MuiStack-root"
                  >
                    <h6
                      class="MuiTypography-root MuiTypography-subtitle2 css-dfhrm0-MuiTypography-root"
                    >
                      23.03.2023 | 00:00
                    </h6>
                  </div>
                </div>
              </div>
              <div
                class="MuiBox-root css-1s7xwmf"
              >
                <div
                  class="MuiBox-root css-i6bazn"
                >
                  <p
                    class="MuiTypography-root MuiTypography-body2 css-2sm3sf-MuiTypography-root"
                  >
                    string
                    <br />
                  </p>
                </div>
              </div>
            </div>
            <button
              class="MuiButtonBase-root MuiIconButton-root MuiIconButton-sizeMedium css-78trlr-MuiButtonBase-root-MuiIconButton-root"
              tabindex="0"
              type="button"
            >
              <svg
                fill="none"
                height="54"
                viewBox="0 0 54 54"
                width="54"
                xmlns="http://www.w3.org/2000/svg"
              >
                <g
                  filter="url(#filter0_ddd_53710_35328)"
                >
                  <rect
                    fill="#2CCCA6"
                    height="44"
                    rx="22"
                    width="44"
                    x="5"
                    y="4"
                  />
                  <path
                    d="M17.998 31.2512V35.0012H21.748L32.808 23.9412L29.058 20.1912L17.998 31.2512ZM35.708 21.0412C36.098 20.6512 36.098 20.0212 35.708 19.6312L33.368 17.2912C32.978 16.9012 32.348 16.9012 31.958 17.2912L30.128 19.1212L33.878 22.8712L35.708 21.0412Z"
                    fill="white"
                  />
                </g>
                <defs>
                  <filter
                    color-interpolation-filters="sRGB"
                    filterUnits="userSpaceOnUse"
                    height="54"
                    id="filter0_ddd_53710_35328"
                    width="54"
                    x="0"
                    y="0"
                  >
                    <feflood
                      flood-opacity="0"
                      result="BackgroundImageFix"
                    />
                    <fecolormatrix
                      in="SourceAlpha"
                      result="hardAlpha"
                      type="matrix"
                      values="0 0 0 0 0 0 0 0 0 0 0 0 0 0 0 0 0 0 127 0"
                    />
                    <feoffset
                      dy="1"
                    />
                    <fegaussianblur
                      stdDeviation="2.5"
                    />
                    <fecomposite
                      in2="hardAlpha"
                      operator="out"
                    />
                    <fecolormatrix
                      type="matrix"
                      values="0 0 0 0 0 0 0 0 0 0 0 0 0 0 0 0 0 0 0.12 0"
                    />
                    <feblend
                      in2="BackgroundImageFix"
                      mode="normal"
                      result="effect1_dropShadow_53710_35328"
                    />
                    <fecolormatrix
                      in="SourceAlpha"
                      result="hardAlpha"
                      type="matrix"
                      values="0 0 0 0 0 0 0 0 0 0 0 0 0 0 0 0 0 0 127 0"
                    />
                    <feoffset
                      dy="2"
                    />
                    <fegaussianblur
                      stdDeviation="1"
                    />
                    <fecomposite
                      in2="hardAlpha"
                      operator="out"
                    />
                    <fecolormatrix
                      type="matrix"
                      values="0 0 0 0 0 0 0 0 0 0 0 0 0 0 0 0 0 0 0.14 0"
                    />
                    <feblend
                      in2="effect1_dropShadow_53710_35328"
                      mode="normal"
                      result="effect2_dropShadow_53710_35328"
                    />
                    <fecolormatrix
                      in="SourceAlpha"
                      result="hardAlpha"
                      type="matrix"
                      values="0 0 0 0 0 0 0 0 0 0 0 0 0 0 0 0 0 0 127 0"
                    />
                    <femorphology
                      in="SourceAlpha"
                      operator="erode"
                      radius="2"
                      result="effect3_dropShadow_53710_35328"
                    />
                    <feoffset
                      dy="3"
                    />
                    <fegaussianblur
                      stdDeviation="0.5"
                    />
                    <fecomposite
                      in2="hardAlpha"
                      operator="out"
                    />
                    <fecolormatrix
                      type="matrix"
                      values="0 0 0 0 0 0 0 0 0 0 0 0 0 0 0 0 0 0 0.2 0"
                    />
                    <feblend
                      in2="effect2_dropShadow_53710_35328"
                      mode="normal"
                      result="effect3_dropShadow_53710_35328"
                    />
                    <feblend
                      in="SourceGraphic"
                      in2="effect3_dropShadow_53710_35328"
                      mode="normal"
                      result="shape"
                    />
                  </filter>
                </defs>
              </svg>
              <span
                class="MuiTouchRipple-root css-8je8zh-MuiTouchRipple-root"
              />
            </button>
          </div>
          <button
            class="MuiButtonBase-root MuiIconButton-root MuiIconButton-sizeMedium css-78trlr-MuiButtonBase-root-MuiIconButton-root"
            tabindex="0"
            type="button"
          >
            <svg
              aria-hidden="true"
              class="MuiSvgIcon-root MuiSvgIcon-fontSizeSmall css-1oyzucw-MuiSvgIcon-root"
              data-testid="ReplyIcon"
              focusable="false"
              viewBox="0 0 24 24"
            >
              <path
                d="M10 9V5l-7 7 7 7v-4.1c5 0 8.5 1.6 11 5.1-1-5-4-10-11-11z"
              />
            </svg>
            <span
              class="MuiTouchRipple-root css-8je8zh-MuiTouchRipple-root"
            />
          </button>
        </div>
      </div>
      <div
        class="MuiBox-root css-zvc26o"
      >
        <span
          class="MuiCircularProgress-root MuiCircularProgress-indeterminate MuiCircularProgress-colorPrimary css-d3oyhb-MuiCircularProgress-root"
          role="progressbar"
          style="width: 25px; height: 25px;"
        >
          <svg
            class="MuiCircularProgress-svg css-1idz92c-MuiCircularProgress-svg"
            viewBox="22 22 44 44"
          >
            <circle
              class="MuiCircularProgress-circle MuiCircularProgress-circleIndeterminate css-176wh8e-MuiCircularProgress-circle"
              cx="44"
              cy="44"
              fill="none"
              r="20.2"
              stroke-width="3.6"
            />
          </svg>
        </span>
      </div>
    </div>
  </div>
</DocumentFragment>
`;
