// Vitest Snapshot v1, https://vitest.dev/guide/snapshot.html

exports[`BlurredHomework > renders correctly 1`] = `
<DocumentFragment>
  <div
    class="MuiBox-root css-19sk4h4"
  >
    <div
      class="MuiBox-root css-847q77"
    >
      <div
        class="MuiPaper-root MuiPaper-elevation MuiPaper-rounded MuiPaper-elevation1 css-1n8pi7-MuiPaper-root"
      >
        <h5
          class="MuiTypography-root MuiTypography-h5 css-1bp4jth-MuiTypography-root"
        >
          Домашнее задание
        </h5>
        <div
          class="MuiStack-root css-1yc1p5z-MuiStack-root"
        />
      </div>
      <div
        class="MuiBox-root css-1qg03zn"
      >
        <div
          aria-hidden="true"
          class="MuiBackdrop-root css-1nsxkni-MuiBackdrop-root"
          style="opacity: 1; webkit-transition: opacity 225ms cubic-bezier(0.4, 0, 0.2, 1) 0ms; transition: opacity 225ms cubic-bezier(0.4, 0, 0.2, 1) 0ms;"
        />
      </div>
    </div>
    <button
      class="MuiButtonBase-root MuiButton-root MuiButton-contained MuiButton-containedPrimary MuiButton-sizeLarge MuiButton-containedSizeLarge MuiButton-disableElevation MuiButton-root MuiButton-contained MuiButton-containedPrimary MuiButton-sizeLarge MuiButton-containedSizeLarge MuiButton-disableElevation css-yscrp5-MuiButtonBase-root-MuiButton-root"
      tabindex="0"
      type="button"
    >
      Д/З недоступно
      <span
        class="MuiTouchRipple-root css-8je8zh-MuiTouchRipple-root"
      />
    </button>
  </div>
</DocumentFragment>
`;
