// Vitest Snapshot v1, https://vitest.dev/guide/snapshot.html

exports[`BlurredHomework > renders correctly 1`] = `
<DocumentFragment>
  <div
    class="MuiBox-root css-19sk4h4"
  >
    <div
      class="MuiBox-root css-847q77"
    >
      <div
        class="MuiPaper-root MuiPaper-elevation MuiPaper-rounded MuiPaper-elevation1 css-ay1hcn-MuiPaper-root"
      >
        <h5
          class="MuiTypography-root MuiTypography-h5 css-1bp4jth-MuiTypography-root"
        >
          Домашнее задание
        </h5>
        <div
          class="MuiStack-root css-1yc1p5z-MuiStack-root"
        />
      </div>
      <div
        class="MuiBox-root css-1qg03zn"
      >
        <div
          class="MuiGrid-root MuiGrid-container css-il5n0a-MuiGrid-root"
        >
          <span
            class="MuiCircularProgress-root MuiCircularProgress-indeterminate MuiCircularProgress-colorPrimary css-9lu0vq-MuiCircularProgress-root"
            role="progressbar"
            style="width: 40px; height: 40px;"
          >
            <svg
              class="MuiCircularProgress-svg css-1idz92c-MuiCircularProgress-svg"
              viewBox="22 22 44 44"
            >
              <circle
                class="MuiCircularProgress-circle MuiCircularProgress-circleIndeterminate css-176wh8e-MuiCircularProgress-circle"
                cx="44"
                cy="44"
                fill="none"
                r="20.2"
                stroke-width="3.6"
              />
            </svg>
          </span>
        </div>
      </div>
    </div>
    <button
      class="MuiButtonBase-root MuiButton-root MuiButton-contained MuiButton-containedPrimary MuiButton-sizeLarge MuiButton-containedSizeLarge MuiButton-disableElevation MuiButton-root MuiButton-contained MuiButton-containedPrimary MuiButton-sizeLarge MuiButton-containedSizeLarge MuiButton-disableElevation css-yscrp5-MuiButtonBase-root-MuiButton-root"
      tabindex="0"
      type="button"
    >
      Д/З недоступно
      <span
        class="MuiTouchRipple-root css-8je8zh-MuiTouchRipple-root"
      />
    </button>
  </div>
</DocumentFragment>
`;
