// Vitest Snapshot v1

exports[`TrainingLectures > the component is render 1`] = `
<DocumentFragment>
  <div
    class="MuiGrid-root MuiGrid-container MuiGrid-spacing-xs-2 css-mhc70k-MuiGrid-root"
  >
    <div
      class="MuiGrid-root MuiGrid-item MuiGrid-grid-xs-12 css-1idn90j-MuiGrid-root"
    >
      <a
        href="/training/string/string"
        style="text-decoration: none; margin-top: 15px;"
      >
        <button
          class="MuiButtonBase-root MuiCardActionArea-root css-b6lsxj-MuiButtonBase-root-MuiCardActionArea-root"
          tabindex="0"
          type="button"
        >
          <div
            class="MuiPaper-root MuiPaper-elevation MuiPaper-rounded MuiPaper-elevation1 css-1ps6pg7-MuiPaper-root"
            style="padding: 24px 24px 15px 24px;"
          >
            <h3
              class="MuiTypography-root MuiTypography-h3 css-gepadz-MuiTypography-root"
            >
              string
            </h3>
            <div
              class="css-b55nah-MuiStack-root"
            >
              <h6
                class="MuiTypography-root MuiTypography-subtitle2 css-jpb38c-MuiTypography-root"
              >
                string
              </h6>
            </div>
            <h4
              class="MuiTypography-root MuiTypography-h4 MuiTypography-alignRight css-scpiz2-MuiTypography-root"
            >
              Продолжить
            </h4>
          </div>
          <span
            class="MuiCardActionArea-focusHighlight css-1v2exvi-MuiCardActionArea-focusHighlight"
          />
          <span
            class="MuiTouchRipple-root css-8je8zh-MuiTouchRipple-root"
          />
        </button>
      </a>
    </div>
  </div>
</DocumentFragment>
`;
